[INFO] Scanning for projects...
[INFO] 
[INFO] -------------------< com.school.sms:school-backend >--------------------
[INFO] Building school-backend 0.1.0
[INFO]   from pom.xml
[INFO] --------------------------------[ jar ]---------------------------------
[INFO] 
[INFO] >>> spring-boot:3.3.4:run (default-cli) > test-compile @ school-backend >>>
[INFO] 
[INFO] --- resources:3.3.1:resources (default-resources) @ school-backend ---
[INFO] Copying 3 resources from src\main\resources to target\classes
[INFO] Copying 1 resource from src\main\resources to target\classes
[INFO] 
[INFO] --- compiler:3.13.0:compile (default-compile) @ school-backend ---
[INFO] Nothing to compile - all classes are up to date.
[INFO] 
[INFO] --- resources:3.3.1:testResources (default-testResources) @ school-backend ---
[INFO] skip non existing resourceDirectory C:\pushkar\practice\website\school\school-backend\src\test\resources
[INFO] 
[INFO] --- compiler:3.13.0:testCompile (default-testCompile) @ school-backend ---
[INFO] Nothing to compile - all classes are up to date.
[INFO] 
[INFO] <<< spring-boot:3.3.4:run (default-cli) < test-compile @ school-backend <<<
[INFO] 
[INFO] 
[INFO] --- spring-boot:3.3.4:run (default-cli) @ school-backend ---
[INFO] Attaching agents: []

  .   ____          _            __ _ _
 /\\ / ___'_ __ _ _(_)_ __  __ _ \ \ \ \
( ( )\___ | '_ | '_| | '_ \/ _` | \ \ \ \
 \\/  ___)| |_)| | | | | || (_| |  ) ) ) )
  '  |____| .__|_| |_|_| |_\__, | / / / /
 =========|_|==============|___/=/_/_/_/

 :: Spring Boot ::                (v3.3.4)

2026-08-12 02:04:02.128 [background-preinit] INFO  o.h.validator.internal.util.Version - HV000001: Hibernate Validator 8.0.1.Final
2026-08-12 02:04:02.160 [main] INFO  c.s.sms.SchoolManagementApplication - Starting SchoolManagementApplication using Java 21.0.4 with PID 43932 (C:\pushkar\practice\website\school\school-backend\target\classes started by pushkar.verma in C:\pushkar\practice\website\school\school-backend)
2026-08-12 02:04:02.160 [main] DEBUG c.s.sms.SchoolManagementApplication - Running with Spring Boot v3.3.4, Spring v6.1.13
2026-08-12 02:04:02.160 [main] INFO  c.s.sms.SchoolManagementApplication - The following 1 profile is active: "dev"
2026-08-12 02:04:03.577 [main] INFO  o.s.d.r.c.RepositoryConfigurationDelegate - Bootstrapping Spring Data JPA repositories in DEFAULT mode.
2026-08-12 02:04:03.905 [main] INFO  o.s.d.r.c.RepositoryConfigurationDelegate - Finished Spring Data repository scanning in 315 ms. Found 56 JPA repository interfaces.
2026-08-12 02:04:04.713 [main] INFO  o.s.b.w.e.tomcat.TomcatWebServer - Tomcat initialized with port 8080 (http)
2026-08-12 02:04:04.722 [main] INFO  o.a.coyote.http11.Http11NioProtocol - Initializing ProtocolHandler ["http-nio-8080"]
2026-08-12 02:04:04.725 [main] INFO  o.a.catalina.core.StandardService - Starting service [Tomcat]
2026-08-12 02:04:04.726 [main] INFO  o.a.catalina.core.StandardEngine - Starting Servlet engine: [Apache Tomcat/10.1.30]
2026-08-12 02:04:04.802 [main] INFO  o.a.c.c.C.[Tomcat].[localhost].[/] - Initializing Spring embedded WebApplicationContext
2026-08-12 02:04:04.802 [main] INFO  o.s.b.w.s.c.ServletWebServerApplicationContext - Root WebApplicationContext: initialization completed in 2607 ms
2026-08-12 02:04:05.123 [main] INFO  o.h.jpa.internal.util.LogHelper - HHH000204: Processing PersistenceUnitInfo [name: default]
2026-08-12 02:04:05.182 [main] INFO  org.hibernate.Version - HHH000412: Hibernate ORM core version 6.5.3.Final
2026-08-12 02:04:05.216 [main] INFO  o.h.c.i.RegionFactoryInitiator - HHH000026: Second-level cache disabled
2026-08-12 02:04:05.484 [main] INFO  o.s.o.j.p.SpringPersistenceUnitInfo - No LoadTimeWeaver setup: ignoring JPA class transformer
2026-08-12 02:04:05.516 [main] INFO  com.zaxxer.hikari.HikariDataSource - HikariPool-1 - Starting...
2026-08-12 02:04:05.665 [main] INFO  com.zaxxer.hikari.pool.HikariPool - HikariPool-1 - Added connection com.mysql.cj.jdbc.ConnectionImpl@1361e880
2026-08-12 02:04:05.666 [main] INFO  com.zaxxer.hikari.HikariDataSource - HikariPool-1 - Start completed.
2026-08-12 02:04:05.716 [main] WARN  org.hibernate.orm.deprecation - HHH90000025: MySQLDialect does not need to be specified explicitly using 'hibernate.dialect' (remove the property setting and it will be selected by default)
2026-08-12 02:04:07.441 [main] INFO  o.h.e.t.j.p.i.JtaPlatformInitiator - HHH000489: No JTA platform available (set 'hibernate.transaction.jta.platform' to enable JTA platform integration)
2026-08-12 02:04:07.443 [main] INFO  o.s.o.j.LocalContainerEntityManagerFactoryBean - Initialized JPA EntityManagerFactory for persistence unit 'default'
2026-08-12 02:04:07.895 [main] DEBUG c.s.s.s.JwtAuthenticationFilter - Filter 'jwtAuthenticationFilter' configured for use
2026-08-12 02:04:08.107 [main] INFO  o.s.d.j.r.query.QueryEnhancerFactory - Hibernate is in classpath; If applicable, HQL parser will be used.
2026-08-12 02:04:09.136 [main] INFO  o.s.s.c.a.a.c.InitializeAuthenticationProviderBeanManagerConfigurer$InitializeAuthenticationProviderManagerConfigurer - Global AuthenticationManager configured with AuthenticationProvider bean with name authenticationProvider
2026-08-12 02:04:09.138 [main] WARN  o.s.s.c.a.a.c.InitializeUserDetailsBeanManagerConfigurer$InitializeUserDetailsManagerConfigurer - Global AuthenticationManager configured with an AuthenticationProvider bean. UserDetailsService beans will not be used for username/password login. Consider removing the AuthenticationProvider bean. Alternatively, consider using the UserDetailsService in a manually instantiated DaoAuthenticationProvider.
2026-08-12 02:04:11.208 [main] INFO  o.s.b.a.e.web.EndpointLinksResolver - Exposing 2 endpoints beneath base path '/actuator'
2026-08-12 02:04:11.983 [main] INFO  o.a.coyote.http11.Http11NioProtocol - Starting ProtocolHandler ["http-nio-8080"]
2026-08-12 02:04:12.023 [main] INFO  o.s.b.w.e.tomcat.TomcatWebServer - Tomcat started on port 8080 (http) with context path '/'
2026-08-12 02:04:12.039 [main] INFO  c.s.sms.SchoolManagementApplication - Started SchoolManagementApplication in 10.381 seconds (process running for 10.753)
2026-08-12 02:06:28.524 [http-nio-8080-exec-4] INFO  o.a.c.c.C.[Tomcat].[localhost].[/] - Initializing Spring DispatcherServlet 'dispatcherServlet'
2026-08-12 02:06:28.524 [http-nio-8080-exec-4] INFO  o.s.web.servlet.DispatcherServlet - Initializing Servlet 'dispatcherServlet'
2026-08-12 02:06:28.527 [http-nio-8080-exec-4] INFO  o.s.web.servlet.DispatcherServlet - Completed initialization in 3 ms
2026-08-12 02:06:28.701 [http-nio-8080-exec-5] DEBUG org.hibernate.SQL - 
    [34mselect[0m
        u1_0.id,
        u1_0.is_active,
        u1_0.created_at,
        u1_0.created_by,
        u1_0.email,
        u1_0.is_email_verified,
        u1_0.first_name,
        u1_0.gender,
        u1_0.last_login,
        u1_0.last_name,
        u1_0.password,
        u1_0.phone,
        u1_0.profile_image,
        u1_0.role_id,
        u1_0.updated_at,
        u1_0.updated_by,
        u1_0.username 
    [34mfrom[0m
        users u1_0 
    [34mwhere[0m
        u1_0.id=?
2026-08-12 02:06:28.701 [http-nio-8080-exec-6] DEBUG org.hibernate.SQL - 
    [34mselect[0m
        u1_0.id,
        u1_0.is_active,
        u1_0.created_at,
        u1_0.created_by,
        u1_0.email,
        u1_0.is_email_verified,
        u1_0.first_name,
        u1_0.gender,
        u1_0.last_login,
        u1_0.last_name,
        u1_0.password,
        u1_0.phone,
        u1_0.profile_image,
        u1_0.role_id,
        u1_0.updated_at,
        u1_0.updated_by,
        u1_0.username 
    [34mfrom[0m
        users u1_0 
    [34mwhere[0m
        u1_0.id=?
[35m[Hibernate][0m 
    [34mselect[0m
        u1_0.id,
        u1_0.is_active,
        u1_0.created_at,
        u1_0.created_by,
        u1_0.email,
        u1_0.is_email_verified,
        u1_0.first_name,
        u1_0.gender,
        u1_0.last_login,
        u1_0.last_name,
        u1_0.password,
        u1_0.phone,
        u1_0.profile_image,
        u1_0.role_id,
        u1_0.updated_at,
        u1_0.updated_by,
        u1_0.username 
    [34mfrom[0m
        users u1_0 
    [34mwhere[0m
        u1_0.id=?
[35m[Hibernate][0m 
    [34mselect[0m
        u1_0.id,
        u1_0.is_active,
        u1_0.created_at,
        u1_0.created_by,
        u1_0.email,
        u1_0.is_email_verified,
        u1_0.first_name,
        u1_0.gender,
        u1_0.last_login,
        u1_0.last_name,
        u1_0.password,
        u1_0.phone,
        u1_0.profile_image,
        u1_0.role_id,
        u1_0.updated_at,
        u1_0.updated_by,
        u1_0.username 
    [34mfrom[0m
        users u1_0 
    [34mwhere[0m
        u1_0.id=?
2026-08-12 02:06:28.728 [http-nio-8080-exec-5] DEBUG org.hibernate.SQL - 
    [34mselect[0m
        r1_0.id,
        r1_0.description,
        r1_0.name 
    [34mfrom[0m
        roles r1_0 
    [34mwhere[0m
        r1_0.id=?
2026-08-12 02:06:28.728 [http-nio-8080-exec-6] DEBUG org.hibernate.SQL - 
    [34mselect[0m
        r1_0.id,
        r1_0.description,
        r1_0.name 
    [34mfrom[0m
        roles r1_0 
    [34mwhere[0m
        r1_0.id=?
[35m[Hibernate][0m 
    [34mselect[0m
        r1_0.id,
        r1_0.description,
        r1_0.name 
    [34mfrom[0m
        roles r1_0 
    [34mwhere[0m
        r1_0.id=?
[35m[Hibernate][0m 
    [34mselect[0m
        r1_0.id,
        r1_0.description,
        r1_0.name 
    [34mfrom[0m
        roles r1_0 
    [34mwhere[0m
        r1_0.id=?
2026-08-12 02:06:28.802 [http-nio-8080-exec-6] DEBUG org.hibernate.SQL - 
    [34mselect[0m
        u1_0.id,
        u1_0.is_active,
        u1_0.created_at,
        u1_0.created_by,
        u1_0.email,
        u1_0.is_email_verified,
        u1_0.first_name,
        u1_0.gender,
        u1_0.last_login,
        u1_0.last_name,
        u1_0.password,
        u1_0.phone,
        u1_0.profile_image,
        u1_0.role_id,
        u1_0.updated_at,
        u1_0.updated_by,
        u1_0.username 
    [34mfrom[0m
        users u1_0 
    [34morder[0m [34mby[0m
        u1_0.id 
    limit
        ?, ?
2026-08-12 02:06:28.802 [http-nio-8080-exec-5] DEBUG org.hibernate.SQL - 
    [34mselect[0m
        u1_0.id,
        u1_0.is_active,
        u1_0.created_at,
        u1_0.created_by,
        u1_0.email,
        u1_0.is_email_verified,
        u1_0.first_name,
        u1_0.gender,
        u1_0.last_login,
        u1_0.last_name,
        u1_0.password,
        u1_0.phone,
        u1_0.profile_image,
        u1_0.role_id,
        u1_0.updated_at,
        u1_0.updated_by,
        u1_0.username 
    [34mfrom[0m
        users u1_0 
    [34morder[0m [34mby[0m
        u1_0.id 
    limit
        ?, ?
[35m[Hibernate][0m 
    [34mselect[0m
        u1_0.id,
        u1_0.is_active,
        u1_0.created_at,
        u1_0.created_by,
        u1_0.email,
        u1_0.is_email_verified,
        u1_0.first_name,
        u1_0.gender,
        u1_0.last_login,
        u1_0.last_name,
        u1_0.password,
        u1_0.phone,
        u1_0.profile_image,
        u1_0.role_id,
        u1_0.updated_at,
        u1_0.updated_by,
        u1_0.username 
    [34mfrom[0m
        users u1_0 
    [34morder[0m [34mby[0m
        u1_0.id 
    limit
        ?, ?
[35m[Hibernate][0m 
    [34mselect[0m
        u1_0.id,
        u1_0.is_active,
        u1_0.created_at,
        u1_0.created_by,
        u1_0.email,
        u1_0.is_email_verified,
        u1_0.first_name,
        u1_0.gender,
        u1_0.last_login,
        u1_0.last_name,
        u1_0.password,
        u1_0.phone,
        u1_0.profile_image,
        u1_0.role_id,
        u1_0.updated_at,
        u1_0.updated_by,
        u1_0.username 
    [34mfrom[0m
        users u1_0 
    [34morder[0m [34mby[0m
        u1_0.id 
    limit
        ?, ?
2026-08-12 02:06:28.847 [http-nio-8080-exec-6] DEBUG org.hibernate.SQL - 
    [34mselect[0m
        r1_0.id,
        r1_0.description,
        r1_0.name 
    [34mfrom[0m
        roles r1_0 
    [34mwhere[0m
        r1_0.id=?
2026-08-12 02:06:28.847 [http-nio-8080-exec-5] DEBUG org.hibernate.SQL - 
    [34mselect[0m
        r1_0.id,
        r1_0.description,
        r1_0.name 
    [34mfrom[0m
        roles r1_0 
    [34mwhere[0m
        r1_0.id=?
[35m[Hibernate][0m 
    [34mselect[0m
        r1_0.id,
        r1_0.description,
        r1_0.name 
    [34mfrom[0m
        roles r1_0 
    [34mwhere[0m
        r1_0.id=?
[35m[Hibernate][0m 
    [34mselect[0m
        r1_0.id,
        r1_0.description,
        r1_0.name 
    [34mfrom[0m
        roles r1_0 
    [34mwhere[0m
        r1_0.id=?
2026-08-12 02:06:28.849 [http-nio-8080-exec-6] DEBUG org.hibernate.SQL - 
    [34mselect[0m
        r1_0.id,
        r1_0.description,
        r1_0.name 
    [34mfrom[0m
        roles r1_0 
    [34mwhere[0m
        r1_0.id=?
2026-08-12 02:06:28.849 [http-nio-8080-exec-5] DEBUG org.hibernate.SQL - 
    [34mselect[0m
        r1_0.id,
        r1_0.description,
        r1_0.name 
    [34mfrom[0m
        roles r1_0 
    [34mwhere[0m
        r1_0.id=?
[35m[Hibernate][0m 
    [34mselect[0m
        r1_0.id,
        r1_0.description,
        r1_0.name 
    [34mfrom[0m
        roles r1_0 
    [34mwhere[0m
        r1_0.id=?
[35m[Hibernate][0m 
    [34mselect[0m
        r1_0.id,
        r1_0.description,
        r1_0.name 
    [34mfrom[0m
        roles r1_0 
    [34mwhere[0m
        r1_0.id=?
2026-08-12 02:06:28.850 [http-nio-8080-exec-6] DEBUG org.hibernate.SQL - 
    [34mselect[0m
        r1_0.id,
        r1_0.description,
        r1_0.name 
    [34mfrom[0m
        roles r1_0 
    [34mwhere[0m
        r1_0.id=?
2026-08-12 02:06:28.850 [http-nio-8080-exec-5] DEBUG org.hibernate.SQL - 
    [34mselect[0m
        r1_0.id,
        r1_0.description,
        r1_0.name 
    [34mfrom[0m
        roles r1_0 
    [34mwhere[0m
        r1_0.id=?
[35m[Hibernate][0m 
    [34mselect[0m
        r1_0.id,
        r1_0.description,
        r1_0.name 
    [34mfrom[0m
        roles r1_0 
    [34mwhere[0m
        r1_0.id=?
[35m[Hibernate][0m 
    [34mselect[0m
        r1_0.id,
        r1_0.description,
        r1_0.name 
    [34mfrom[0m
        roles r1_0 
    [34mwhere[0m
        r1_0.id=?
2026-08-12 02:06:28.851 [http-nio-8080-exec-5] DEBUG org.hibernate.SQL - 
    [34mselect[0m
        r1_0.id,
        r1_0.description,
        r1_0.name 
    [34mfrom[0m
        roles r1_0 
    [34mwhere[0m
        r1_0.id=?
2026-08-12 02:06:28.851 [http-nio-8080-exec-6] DEBUG org.hibernate.SQL - 
    [34mselect[0m
        r1_0.id,
        r1_0.description,
        r1_0.name 
    [34mfrom[0m
        roles r1_0 
    [34mwhere[0m
        r1_0.id=?
[35m[Hibernate][0m 
    [34mselect[0m
        r1_0.id,
        r1_0.description,
        r1_0.name 
    [34mfrom[0m
        roles r1_0 
    [34mwhere[0m
        r1_0.id=?
[35m[Hibernate][0m 
    [34mselect[0m
        r1_0.id,
        r1_0.description,
        r1_0.name 
    [34mfrom[0m
        roles r1_0 
    [34mwhere[0m
        r1_0.id=?
2026-08-12 02:06:28.852 [http-nio-8080-exec-5] DEBUG org.hibernate.SQL - 
    [34mselect[0m
        r1_0.id,
        r1_0.description,
        r1_0.name 
    [34mfrom[0m
        roles r1_0 
    [34mwhere[0m
        r1_0.id=?
2026-08-12 02:06:28.852 [http-nio-8080-exec-6] DEBUG org.hibernate.SQL - 
    [34mselect[0m
        r1_0.id,
        r1_0.description,
        r1_0.name 
    [34mfrom[0m
        roles r1_0 
    [34mwhere[0m
        r1_0.id=?
[35m[Hibernate][0m 
    [34mselect[0m
        r1_0.id,
        r1_0.description,
        r1_0.name 
    [34mfrom[0m
        roles r1_0 
    [34mwhere[0m
        r1_0.id=?
[35m[Hibernate][0m 
    [34mselect[0m
        r1_0.id,
        r1_0.description,
        r1_0.name 
    [34mfrom[0m
        roles r1_0 
    [34mwhere[0m
        r1_0.id=?
2026-08-12 02:06:28.853 [http-nio-8080-exec-5] DEBUG org.hibernate.SQL - 
    [34mselect[0m
        r1_0.id,
        r1_0.description,
        r1_0.name 
    [34mfrom[0m
        roles r1_0 
    [34mwhere[0m
        r1_0.id=?
2026-08-12 02:06:28.853 [http-nio-8080-exec-6] DEBUG org.hibernate.SQL - 
    [34mselect[0m
        r1_0.id,
        r1_0.description,
        r1_0.name 
    [34mfrom[0m
        roles r1_0 
    [34mwhere[0m
        r1_0.id=?
[35m[Hibernate][0m 
    [34mselect[0m
        r1_0.id,
        r1_0.description,
        r1_0.name 
    [34mfrom[0m
        roles r1_0 
    [34mwhere[0m
        r1_0.id=?
[35m[Hibernate][0m 
    [34mselect[0m
        r1_0.id,
        r1_0.description,
        r1_0.name 
    [34mfrom[0m
        roles r1_0 
    [34mwhere[0m
        r1_0.id=?
2026-08-12 02:06:28.854 [http-nio-8080-exec-6] DEBUG org.hibernate.SQL - 
    [34mselect[0m
        r1_0.id,
        r1_0.description,
        r1_0.name 
    [34mfrom[0m
        roles r1_0 
    [34mwhere[0m
        r1_0.id=?
2026-08-12 02:06:28.854 [http-nio-8080-exec-5] DEBUG org.hibernate.SQL - 
    [34mselect[0m
        r1_0.id,
        r1_0.description,
        r1_0.name 
    [34mfrom[0m
        roles r1_0 
    [34mwhere[0m
        r1_0.id=?
[35m[Hibernate][0m 
    [34mselect[0m
        r1_0.id,
        r1_0.description,
        r1_0.name 
    [34mfrom[0m
        roles r1_0 
    [34mwhere[0m
        r1_0.id=?
[35m[Hibernate][0m 
    [34mselect[0m
        r1_0.id,
        r1_0.description,
        r1_0.name 
    [34mfrom[0m
        roles r1_0 
    [34mwhere[0m
        r1_0.id=?
2026-08-12 02:06:28.854 [http-nio-8080-exec-6] DEBUG org.hibernate.SQL - 
    [34mselect[0m
        r1_0.id,
        r1_0.description,
        r1_0.name 
    [34mfrom[0m
        roles r1_0 
    [34mwhere[0m
        r1_0.id=?
2026-08-12 02:06:28.854 [http-nio-8080-exec-5] DEBUG org.hibernate.SQL - 
    [34mselect[0m
        r1_0.id,
        r1_0.description,
        r1_0.name 
    [34mfrom[0m
        roles r1_0 
    [34mwhere[0m
        r1_0.id=?
[35m[Hibernate][0m 
    [34mselect[0m
        r1_0.id,
        r1_0.description,
        r1_0.name 
    [34mfrom[0m
        roles r1_0 
    [34mwhere[0m
        r1_0.id=?
[35m[Hibernate][0m 
    [34mselect[0m
        r1_0.id,
        r1_0.description,
        r1_0.name 
    [34mfrom[0m
        roles r1_0 
    [34mwhere[0m
        r1_0.id=?
2026-08-12 02:06:28.855 [http-nio-8080-exec-5] DEBUG org.hibernate.SQL - 
    [34mselect[0m
        r1_0.id,
        r1_0.description,
        r1_0.name 
    [34mfrom[0m
        roles r1_0 
    [34mwhere[0m
        r1_0.id=?
2026-08-12 02:06:28.855 [http-nio-8080-exec-6] DEBUG org.hibernate.SQL - 
    [34mselect[0m
        r1_0.id,
        r1_0.description,
        r1_0.name 
    [34mfrom[0m
        roles r1_0 
    [34mwhere[0m
        r1_0.id=?
[35m[Hibernate][0m 
    [34mselect[0m
        r1_0.id,
        r1_0.description,
        r1_0.name 
    [34mfrom[0m
        roles r1_0 
    [34mwhere[0m
        r1_0.id=?
[35m[Hibernate][0m 
    [34mselect[0m
        r1_0.id,
        r1_0.description,
        r1_0.name 
    [34mfrom[0m
        roles r1_0 
    [34mwhere[0m
        r1_0.id=?
2026-08-12 02:06:28.856 [http-nio-8080-exec-6] DEBUG org.hibernate.SQL - 
    [34mselect[0m
        r1_0.id,
        r1_0.description,
        r1_0.name 
    [34mfrom[0m
        roles r1_0 
    [34mwhere[0m
        r1_0.id=?
2026-08-12 02:06:28.856 [http-nio-8080-exec-5] DEBUG org.hibernate.SQL - 
    [34mselect[0m
        r1_0.id,
        r1_0.description,
        r1_0.name 
    [34mfrom[0m
        roles r1_0 
    [34mwhere[0m
        r1_0.id=?
[35m[Hibernate][0m 
    [34mselect[0m
        r1_0.id,
        r1_0.description,
        r1_0.name 
    [34mfrom[0m
        roles r1_0 
    [34mwhere[0m
        r1_0.id=?
[35m[Hibernate][0m 
    [34mselect[0m
        r1_0.id,
        r1_0.description,
        r1_0.name 
    [34mfrom[0m
        roles r1_0 
    [34mwhere[0m
        r1_0.id=?
2026-08-12 02:06:28.921 [http-nio-8080-exec-7] DEBUG org.hibernate.SQL - 
    [34mselect[0m
        u1_0.id,
        u1_0.is_active,
        u1_0.created_at,
        u1_0.created_by,
        u1_0.email,
        u1_0.is_email_verified,
        u1_0.first_name,
        u1_0.gender,
        u1_0.last_login,
        u1_0.last_name,
        u1_0.password,
        u1_0.phone,
        u1_0.profile_image,
        u1_0.role_id,
        u1_0.updated_at,
        u1_0.updated_by,
        u1_0.username 
    [34mfrom[0m
        users u1_0 
    [34mwhere[0m
        u1_0.id=?
[35m[Hibernate][0m 
    [34mselect[0m
        u1_0.id,
        u1_0.is_active,
        u1_0.created_at,
        u1_0.created_by,
        u1_0.email,
        u1_0.is_email_verified,
        u1_0.first_name,
        u1_0.gender,
        u1_0.last_login,
        u1_0.last_name,
        u1_0.password,
        u1_0.phone,
        u1_0.profile_image,
        u1_0.role_id,
        u1_0.updated_at,
        u1_0.updated_by,
        u1_0.username 
    [34mfrom[0m
        users u1_0 
    [34mwhere[0m
        u1_0.id=?
2026-08-12 02:06:28.925 [http-nio-8080-exec-7] DEBUG org.hibernate.SQL - 
    [34mselect[0m
        r1_0.id,
        r1_0.description,
        r1_0.name 
    [34mfrom[0m
        roles r1_0 
    [34mwhere[0m
        r1_0.id=?
[35m[Hibernate][0m 
    [34mselect[0m
        r1_0.id,
        r1_0.description,
        r1_0.name 
    [34mfrom[0m
        roles r1_0 
    [34mwhere[0m
        r1_0.id=?
2026-08-12 02:06:28.950 [http-nio-8080-exec-7] DEBUG org.hibernate.SQL - 
    [34mselect[0m
        u1_0.id,
        u1_0.is_active,
        u1_0.created_at,
        u1_0.created_by,
        u1_0.email,
        u1_0.is_email_verified,
        u1_0.first_name,
        u1_0.gender,
        u1_0.last_login,
        u1_0.last_name,
        u1_0.password,
        u1_0.phone,
        u1_0.profile_image,
        u1_0.role_id,
        u1_0.updated_at,
        u1_0.updated_by,
        u1_0.username 
    [34mfrom[0m
        users u1_0 
    [34morder[0m [34mby[0m
        u1_0.id 
    limit
        ?, ?
[35m[Hibernate][0m 
    [34mselect[0m
        u1_0.id,
        u1_0.is_active,
        u1_0.created_at,
        u1_0.created_by,
        u1_0.email,
        u1_0.is_email_verified,
        u1_0.first_name,
        u1_0.gender,
        u1_0.last_login,
        u1_0.last_name,
        u1_0.password,
        u1_0.phone,
        u1_0.profile_image,
        u1_0.role_id,
        u1_0.updated_at,
        u1_0.updated_by,
        u1_0.username 
    [34mfrom[0m
        users u1_0 
    [34morder[0m [34mby[0m
        u1_0.id 
    limit
        ?, ?
2026-08-12 02:06:28.958 [http-nio-8080-exec-7] DEBUG org.hibernate.SQL - 
    [34mselect[0m
        r1_0.id,
        r1_0.description,
        r1_0.name 
    [34mfrom[0m
        roles r1_0 
    [34mwhere[0m
        r1_0.id=?
[35m[Hibernate][0m 
    [34mselect[0m
        r1_0.id,
        r1_0.description,
        r1_0.name 
    [34mfrom[0m
        roles r1_0 
    [34mwhere[0m
        r1_0.id=?
2026-08-12 02:06:28.959 [http-nio-8080-exec-7] DEBUG org.hibernate.SQL - 
    [34mselect[0m
        r1_0.id,
        r1_0.description,
        r1_0.name 
    [34mfrom[0m
        roles r1_0 
    [34mwhere[0m
        r1_0.id=?
[35m[Hibernate][0m 
    [34mselect[0m
        r1_0.id,
        r1_0.description,
        r1_0.name 
    [34mfrom[0m
        roles r1_0 
    [34mwhere[0m
        r1_0.id=?
2026-08-12 02:06:28.961 [http-nio-8080-exec-7] DEBUG org.hibernate.SQL - 
    [34mselect[0m
        r1_0.id,
        r1_0.description,
        r1_0.name 
    [34mfrom[0m
        roles r1_0 
    [34mwhere[0m
        r1_0.id=?
[35m[Hibernate][0m 
    [34mselect[0m
        r1_0.id,
        r1_0.description,
        r1_0.name 
    [34mfrom[0m
        roles r1_0 
    [34mwhere[0m
        r1_0.id=?
2026-08-12 02:06:28.963 [http-nio-8080-exec-7] DEBUG org.hibernate.SQL - 
    [34mselect[0m
        r1_0.id,
        r1_0.description,
        r1_0.name 
    [34mfrom[0m
        roles r1_0 
    [34mwhere[0m
        r1_0.id=?
[35m[Hibernate][0m 
    [34mselect[0m
        r1_0.id,
        r1_0.description,
        r1_0.name 
    [34mfrom[0m
        roles r1_0 
    [34mwhere[0m
        r1_0.id=?
2026-08-12 02:06:28.964 [http-nio-8080-exec-7] DEBUG org.hibernate.SQL - 
    [34mselect[0m
        r1_0.id,
        r1_0.description,
        r1_0.name 
    [34mfrom[0m
        roles r1_0 
    [34mwhere[0m
        r1_0.id=?
[35m[Hibernate][0m 
    [34mselect[0m
        r1_0.id,
        r1_0.description,
        r1_0.name 
    [34mfrom[0m
        roles r1_0 
    [34mwhere[0m
        r1_0.id=?
2026-08-12 02:06:28.966 [http-nio-8080-exec-7] DEBUG org.hibernate.SQL - 
    [34mselect[0m
        r1_0.id,
        r1_0.description,
        r1_0.name 
    [34mfrom[0m
        roles r1_0 
    [34mwhere[0m
        r1_0.id=?
[35m[Hibernate][0m 
    [34mselect[0m
        r1_0.id,
        r1_0.description,
        r1_0.name 
    [34mfrom[0m
        roles r1_0 
    [34mwhere[0m
        r1_0.id=?
2026-08-12 02:06:28.967 [http-nio-8080-exec-7] DEBUG org.hibernate.SQL - 
    [34mselect[0m
        r1_0.id,
        r1_0.description,
        r1_0.name 
    [34mfrom[0m
        roles r1_0 
    [34mwhere[0m
        r1_0.id=?
[35m[Hibernate][0m 
    [34mselect[0m
        r1_0.id,
        r1_0.description,
        r1_0.name 
    [34mfrom[0m
        roles r1_0 
    [34mwhere[0m
        r1_0.id=?
2026-08-12 02:06:28.967 [http-nio-8080-exec-7] DEBUG org.hibernate.SQL - 
    [34mselect[0m
        r1_0.id,
        r1_0.description,
        r1_0.name 
    [34mfrom[0m
        roles r1_0 
    [34mwhere[0m
        r1_0.id=?
[35m[Hibernate][0m 
    [34mselect[0m
        r1_0.id,
        r1_0.description,
        r1_0.name 
    [34mfrom[0m
        roles r1_0 
    [34mwhere[0m
        r1_0.id=?
2026-08-12 02:06:28.968 [http-nio-8080-exec-7] DEBUG org.hibernate.SQL - 
    [34mselect[0m
        r1_0.id,
        r1_0.description,
        r1_0.name 
    [34mfrom[0m
        roles r1_0 
    [34mwhere[0m
        r1_0.id=?
[35m[Hibernate][0m 
    [34mselect[0m
        r1_0.id,
        r1_0.description,
        r1_0.name 
    [34mfrom[0m
        roles r1_0 
    [34mwhere[0m
        r1_0.id=?
2026-08-12 02:06:28.970 [http-nio-8080-exec-7] DEBUG org.hibernate.SQL - 
    [34mselect[0m
        r1_0.id,
        r1_0.description,
        r1_0.name 
    [34mfrom[0m
        roles r1_0 
    [34mwhere[0m
        r1_0.id=?
[35m[Hibernate][0m 
    [34mselect[0m
        r1_0.id,
        r1_0.description,
        r1_0.name 
    [34mfrom[0m
        roles r1_0 
    [34mwhere[0m
        r1_0.id=?
2026-08-12 02:06:28.983 [http-nio-8080-exec-8] DEBUG org.hibernate.SQL - 
    [34mselect[0m
        u1_0.id,
        u1_0.is_active,
        u1_0.created_at,
        u1_0.created_by,
        u1_0.email,
        u1_0.is_email_verified,
        u1_0.first_name,
        u1_0.gender,
        u1_0.last_login,
        u1_0.last_name,
        u1_0.password,
        u1_0.phone,
        u1_0.profile_image,
        u1_0.role_id,
        u1_0.updated_at,
        u1_0.updated_by,
        u1_0.username 
    [34mfrom[0m
        users u1_0 
    [34mwhere[0m
        u1_0.id=?
[35m[Hibernate][0m 
    [34mselect[0m
        u1_0.id,
        u1_0.is_active,
        u1_0.created_at,
        u1_0.created_by,
        u1_0.email,
        u1_0.is_email_verified,
        u1_0.first_name,
        u1_0.gender,
        u1_0.last_login,
        u1_0.last_name,
        u1_0.password,
        u1_0.phone,
        u1_0.profile_image,
        u1_0.role_id,
        u1_0.updated_at,
        u1_0.updated_by,
        u1_0.username 
    [34mfrom[0m
        users u1_0 
    [34mwhere[0m
        u1_0.id=?
2026-08-12 02:06:28.986 [http-nio-8080-exec-8] DEBUG org.hibernate.SQL - 
    [34mselect[0m
        r1_0.id,
        r1_0.description,
        r1_0.name 
    [34mfrom[0m
        roles r1_0 
    [34mwhere[0m
        r1_0.id=?
[35m[Hibernate][0m 
    [34mselect[0m
        r1_0.id,
        r1_0.description,
        r1_0.name 
    [34mfrom[0m
        roles r1_0 
    [34mwhere[0m
        r1_0.id=?
2026-08-12 02:06:28.994 [http-nio-8080-exec-8] DEBUG org.hibernate.SQL - 
    [34mselect[0m
        u1_0.id,
        u1_0.is_active,
        u1_0.created_at,
        u1_0.created_by,
        u1_0.email,
        u1_0.is_email_verified,
        u1_0.first_name,
        u1_0.gender,
        u1_0.last_login,
        u1_0.last_name,
        u1_0.password,
        u1_0.phone,
        u1_0.profile_image,
        u1_0.role_id,
        u1_0.updated_at,
        u1_0.updated_by,
        u1_0.username 
    [34mfrom[0m
        users u1_0 
    [34morder[0m [34mby[0m
        u1_0.id 
    limit
        ?, ?
[35m[Hibernate][0m 
    [34mselect[0m
        u1_0.id,
        u1_0.is_active,
        u1_0.created_at,
        u1_0.created_by,
        u1_0.email,
        u1_0.is_email_verified,
        u1_0.first_name,
        u1_0.gender,
        u1_0.last_login,
        u1_0.last_name,
        u1_0.password,
        u1_0.phone,
        u1_0.profile_image,
        u1_0.role_id,
        u1_0.updated_at,
        u1_0.updated_by,
        u1_0.username 
    [34mfrom[0m
        users u1_0 
    [34morder[0m [34mby[0m
        u1_0.id 
    limit
        ?, ?
2026-08-12 02:06:29.004 [http-nio-8080-exec-8] DEBUG org.hibernate.SQL - 
    [34mselect[0m
        r1_0.id,
        r1_0.description,
        r1_0.name 
    [34mfrom[0m
        roles r1_0 
    [34mwhere[0m
        r1_0.id=?
[35m[Hibernate][0m 
    [34mselect[0m
        r1_0.id,
        r1_0.description,
        r1_0.name 
    [34mfrom[0m
        roles r1_0 
    [34mwhere[0m
        r1_0.id=?
2026-08-12 02:06:29.005 [http-nio-8080-exec-8] DEBUG org.hibernate.SQL - 
    [34mselect[0m
        r1_0.id,
        r1_0.description,
        r1_0.name 
    [34mfrom[0m
        roles r1_0 
    [34mwhere[0m
        r1_0.id=?
[35m[Hibernate][0m 
    [34mselect[0m
        r1_0.id,
        r1_0.description,
        r1_0.name 
    [34mfrom[0m
        roles r1_0 
    [34mwhere[0m
        r1_0.id=?
2026-08-12 02:06:29.007 [http-nio-8080-exec-8] DEBUG org.hibernate.SQL - 
    [34mselect[0m
        r1_0.id,
        r1_0.description,
        r1_0.name 
    [34mfrom[0m
        roles r1_0 
    [34mwhere[0m
        r1_0.id=?
[35m[Hibernate][0m 
    [34mselect[0m
        r1_0.id,
        r1_0.description,
        r1_0.name 
    [34mfrom[0m
        roles r1_0 
    [34mwhere[0m
        r1_0.id=?
2026-08-12 02:06:29.008 [http-nio-8080-exec-8] DEBUG org.hibernate.SQL - 
    [34mselect[0m
        r1_0.id,
        r1_0.description,
        r1_0.name 
    [34mfrom[0m
        roles r1_0 
    [34mwhere[0m
        r1_0.id=?
[35m[Hibernate][0m 
    [34mselect[0m
        r1_0.id,
        r1_0.description,
        r1_0.name 
    [34mfrom[0m
        roles r1_0 
    [34mwhere[0m
        r1_0.id=?
2026-08-12 02:06:29.008 [http-nio-8080-exec-8] DEBUG org.hibernate.SQL - 
    [34mselect[0m
        r1_0.id,
        r1_0.description,
        r1_0.name 
    [34mfrom[0m
        roles r1_0 
    [34mwhere[0m
        r1_0.id=?
[35m[Hibernate][0m 
    [34mselect[0m
        r1_0.id,
        r1_0.description,
        r1_0.name 
    [34mfrom[0m
        roles r1_0 
    [34mwhere[0m
        r1_0.id=?
2026-08-12 02:06:29.009 [http-nio-8080-exec-8] DEBUG org.hibernate.SQL - 
    [34mselect[0m
        r1_0.id,
        r1_0.description,
        r1_0.name 
    [34mfrom[0m
        roles r1_0 
    [34mwhere[0m
        r1_0.id=?
[35m[Hibernate][0m 
    [34mselect[0m
        r1_0.id,
        r1_0.description,
        r1_0.name 
    [34mfrom[0m
        roles r1_0 
    [34mwhere[0m
        r1_0.id=?
2026-08-12 02:06:29.010 [http-nio-8080-exec-8] DEBUG org.hibernate.SQL - 
    [34mselect[0m
        r1_0.id,
        r1_0.description,
        r1_0.name 
    [34mfrom[0m
        roles r1_0 
    [34mwhere[0m
        r1_0.id=?
[35m[Hibernate][0m 
    [34mselect[0m
        r1_0.id,
        r1_0.description,
        r1_0.name 
    [34mfrom[0m
        roles r1_0 
    [34mwhere[0m
        r1_0.id=?
2026-08-12 02:06:29.012 [http-nio-8080-exec-8] DEBUG org.hibernate.SQL - 
    [34mselect[0m
        r1_0.id,
        r1_0.description,
        r1_0.name 
    [34mfrom[0m
        roles r1_0 
    [34mwhere[0m
        r1_0.id=?
[35m[Hibernate][0m 
    [34mselect[0m
        r1_0.id,
        r1_0.description,
        r1_0.name 
    [34mfrom[0m
        roles r1_0 
    [34mwhere[0m
        r1_0.id=?
2026-08-12 02:06:29.014 [http-nio-8080-exec-8] DEBUG org.hibernate.SQL - 
    [34mselect[0m
        r1_0.id,
        r1_0.description,
        r1_0.name 
    [34mfrom[0m
        roles r1_0 
    [34mwhere[0m
        r1_0.id=?
[35m[Hibernate][0m 
    [34mselect[0m
        r1_0.id,
        r1_0.description,
        r1_0.name 
    [34mfrom[0m
        roles r1_0 
    [34mwhere[0m
        r1_0.id=?
2026-08-12 02:06:29.014 [http-nio-8080-exec-8] DEBUG org.hibernate.SQL - 
    [34mselect[0m
        r1_0.id,
        r1_0.description,
        r1_0.name 
    [34mfrom[0m
        roles r1_0 
    [34mwhere[0m
        r1_0.id=?
[35m[Hibernate][0m 
    [34mselect[0m
        r1_0.id,
        r1_0.description,
        r1_0.name 
    [34mfrom[0m
        roles r1_0 
    [34mwhere[0m
        r1_0.id=?
2026-08-12 02:06:35.381 [http-nio-8080-exec-10] DEBUG org.hibernate.SQL - 
    [34mselect[0m
        u1_0.id,
        u1_0.is_active,
        u1_0.created_at,
        u1_0.created_by,
        u1_0.email,
        u1_0.is_email_verified,
        u1_0.first_name,
        u1_0.gender,
        u1_0.last_login,
        u1_0.last_name,
        u1_0.password,
        u1_0.phone,
        u1_0.profile_image,
        u1_0.role_id,
        u1_0.updated_at,
        u1_0.updated_by,
        u1_0.username 
    [34mfrom[0m
        users u1_0 
    [34mwhere[0m
        u1_0.id=?
2026-08-12 02:06:35.381 [http-nio-8080-exec-9] DEBUG org.hibernate.SQL - 
    [34mselect[0m
        u1_0.id,
        u1_0.is_active,
        u1_0.created_at,
        u1_0.created_by,
        u1_0.email,
        u1_0.is_email_verified,
        u1_0.first_name,
        u1_0.gender,
        u1_0.last_login,
        u1_0.last_name,
        u1_0.password,
        u1_0.phone,
        u1_0.profile_image,
        u1_0.role_id,
        u1_0.updated_at,
        u1_0.updated_by,
        u1_0.username 
    [34mfrom[0m
        users u1_0 
    [34mwhere[0m
        u1_0.id=?
[35m[Hibernate][0m 
    [34mselect[0m
        u1_0.id,
        u1_0.is_active,
        u1_0.created_at,
        u1_0.created_by,
        u1_0.email,
        u1_0.is_email_verified,
        u1_0.first_name,
        u1_0.gender,
        u1_0.last_login,
        u1_0.last_name,
        u1_0.password,
        u1_0.phone,
        u1_0.profile_image,
        u1_0.role_id,
        u1_0.updated_at,
        u1_0.updated_by,
        u1_0.username 
    [34mfrom[0m
        users u1_0 
    [34mwhere[0m
        u1_0.id=?
[35m[Hibernate][0m 
    [34mselect[0m
        u1_0.id,
        u1_0.is_active,
        u1_0.created_at,
        u1_0.created_by,
        u1_0.email,
        u1_0.is_email_verified,
        u1_0.first_name,
        u1_0.gender,
        u1_0.last_login,
        u1_0.last_name,
        u1_0.password,
        u1_0.phone,
        u1_0.profile_image,
        u1_0.role_id,
        u1_0.updated_at,
        u1_0.updated_by,
        u1_0.username 
    [34mfrom[0m
        users u1_0 
    [34mwhere[0m
        u1_0.id=?
2026-08-12 02:06:35.382 [http-nio-8080-exec-10] DEBUG org.hibernate.SQL - 
    [34mselect[0m
        r1_0.id,
        r1_0.description,
        r1_0.name 
    [34mfrom[0m
        roles r1_0 
    [34mwhere[0m
        r1_0.id=?
2026-08-12 02:06:35.382 [http-nio-8080-exec-9] DEBUG org.hibernate.SQL - 
    [34mselect[0m
        r1_0.id,
        r1_0.description,
        r1_0.name 
    [34mfrom[0m
        roles r1_0 
    [34mwhere[0m
        r1_0.id=?
[35m[Hibernate][0m 
    [34mselect[0m
        r1_0.id,
        r1_0.description,
        r1_0.name 
    [34mfrom[0m
        roles r1_0 
    [34mwhere[0m
        r1_0.id=?
[35m[Hibernate][0m 
    [34mselect[0m
        r1_0.id,
        r1_0.description,
        r1_0.name 
    [34mfrom[0m
        roles r1_0 
    [34mwhere[0m
        r1_0.id=?
2026-08-12 02:06:35.386 [http-nio-8080-exec-9] DEBUG org.hibernate.SQL - 
    [34mselect[0m
        u1_0.id,
        u1_0.is_active,
        u1_0.created_at,
        u1_0.created_by,
        u1_0.email,
        u1_0.is_email_verified,
        u1_0.first_name,
        u1_0.gender,
        u1_0.last_login,
        u1_0.last_name,
        u1_0.password,
        u1_0.phone,
        u1_0.profile_image,
        u1_0.role_id,
        u1_0.updated_at,
        u1_0.updated_by,
        u1_0.username 
    [34mfrom[0m
        users u1_0 
    [34morder[0m [34mby[0m
        u1_0.id 
    limit
        ?, ?
2026-08-12 02:06:35.386 [http-nio-8080-exec-10] DEBUG org.hibernate.SQL - 
    [34mselect[0m
        u1_0.id,
        u1_0.is_active,
        u1_0.created_at,
        u1_0.created_by,
        u1_0.email,
        u1_0.is_email_verified,
        u1_0.first_name,
        u1_0.gender,
        u1_0.last_login,
        u1_0.last_name,
        u1_0.password,
        u1_0.phone,
        u1_0.profile_image,
        u1_0.role_id,
        u1_0.updated_at,
        u1_0.updated_by,
        u1_0.username 
    [34mfrom[0m
        users u1_0 
    [34morder[0m [34mby[0m
        u1_0.id 
    limit
        ?, ?
[35m[Hibernate][0m 
    [34mselect[0m
        u1_0.id,
        u1_0.is_active,
        u1_0.created_at,
        u1_0.created_by,
        u1_0.email,
        u1_0.is_email_verified,
        u1_0.first_name,
        u1_0.gender,
        u1_0.last_login,
        u1_0.last_name,
        u1_0.password,
        u1_0.phone,
        u1_0.profile_image,
        u1_0.role_id,
        u1_0.updated_at,
        u1_0.updated_by,
        u1_0.username 
    [34mfrom[0m
        users u1_0 
    [34morder[0m [34mby[0m
        u1_0.id 
    limit
        ?, ?
[35m[Hibernate][0m 
    [34mselect[0m
        u1_0.id,
        u1_0.is_active,
        u1_0.created_at,
        u1_0.created_by,
        u1_0.email,
        u1_0.is_email_verified,
        u1_0.first_name,
        u1_0.gender,
        u1_0.last_login,
        u1_0.last_name,
        u1_0.password,
        u1_0.phone,
        u1_0.profile_image,
        u1_0.role_id,
        u1_0.updated_at,
        u1_0.updated_by,
        u1_0.username 
    [34mfrom[0m
        users u1_0 
    [34morder[0m [34mby[0m
        u1_0.id 
    limit
        ?, ?
2026-08-12 02:06:35.392 [http-nio-8080-exec-10] DEBUG org.hibernate.SQL - 
    [34mselect[0m
        r1_0.id,
        r1_0.description,
        r1_0.name 
    [34mfrom[0m
        roles r1_0 
    [34mwhere[0m
        r1_0.id=?
[35m[Hibernate][0m 
    [34mselect[0m
        r1_0.id,
        r1_0.description,
        r1_0.name 
    [34mfrom[0m
        roles r1_0 
    [34mwhere[0m
        r1_0.id=?
2026-08-12 02:06:35.393 [http-nio-8080-exec-9] DEBUG org.hibernate.SQL - 
    [34mselect[0m
        r1_0.id,
        r1_0.description,
        r1_0.name 
    [34mfrom[0m
        roles r1_0 
    [34mwhere[0m
        r1_0.id=?
[35m[Hibernate][0m 
    [34mselect[0m
        r1_0.id,
        r1_0.description,
        r1_0.name 
    [34mfrom[0m
        roles r1_0 
    [34mwhere[0m
        r1_0.id=?
2026-08-12 02:06:35.393 [http-nio-8080-exec-10] DEBUG org.hibernate.SQL - 
    [34mselect[0m
        r1_0.id,
        r1_0.description,
        r1_0.name 
    [34mfrom[0m
        roles r1_0 
    [34mwhere[0m
        r1_0.id=?
2026-08-12 02:06:35.393 [http-nio-8080-exec-9] DEBUG org.hibernate.SQL - 
    [34mselect[0m
        r1_0.id,
        r1_0.description,
        r1_0.name 
    [34mfrom[0m
        roles r1_0 
    [34mwhere[0m
        r1_0.id=?
[35m[Hibernate][0m 
    [34mselect[0m
        r1_0.id,
        r1_0.description,
        r1_0.name 
    [34mfrom[0m
        roles r1_0 
    [34mwhere[0m
        r1_0.id=?
[35m[Hibernate][0m 
    [34mselect[0m
        r1_0.id,
        r1_0.description,
        r1_0.name 
    [34mfrom[0m
        roles r1_0 
    [34mwhere[0m
        r1_0.id=?
2026-08-12 02:06:35.394 [http-nio-8080-exec-9] DEBUG org.hibernate.SQL - 
    [34mselect[0m
        r1_0.id,
        r1_0.description,
        r1_0.name 
    [34mfrom[0m
        roles r1_0 
    [34mwhere[0m
        r1_0.id=?
[35m[Hibernate][0m 
    [34mselect[0m
        r1_0.id,
        r1_0.description,
        r1_0.name 
    [34mfrom[0m
        roles r1_0 
    [34mwhere[0m
        r1_0.id=?
2026-08-12 02:06:35.394 [http-nio-8080-exec-10] DEBUG org.hibernate.SQL - 
    [34mselect[0m
        r1_0.id,
        r1_0.description,
        r1_0.name 
    [34mfrom[0m
        roles r1_0 
    [34mwhere[0m
        r1_0.id=?
[35m[Hibernate][0m 
    [34mselect[0m
        r1_0.id,
        r1_0.description,
        r1_0.name 
    [34mfrom[0m
        roles r1_0 
    [34mwhere[0m
        r1_0.id=?
2026-08-12 02:06:35.394 [http-nio-8080-exec-10] DEBUG org.hibernate.SQL - 
    [34mselect[0m
        r1_0.id,
        r1_0.description,
        r1_0.name 
    [34mfrom[0m
        roles r1_0 
    [34mwhere[0m
        r1_0.id=?
2026-08-12 02:06:35.394 [http-nio-8080-exec-9] DEBUG org.hibernate.SQL - 
    [34mselect[0m
        r1_0.id,
        r1_0.description,
        r1_0.name 
    [34mfrom[0m
        roles r1_0 
    [34mwhere[0m
        r1_0.id=?
[35m[Hibernate][0m 
    [34mselect[0m
        r1_0.id,
        r1_0.description,
        r1_0.name 
    [34mfrom[0m
        roles r1_0 
    [34mwhere[0m
        r1_0.id=?
[35m[Hibernate][0m 
    [34mselect[0m
        r1_0.id,
        r1_0.description,
        r1_0.name 
    [34mfrom[0m
        roles r1_0 
    [34mwhere[0m
        r1_0.id=?
2026-08-12 02:06:35.395 [http-nio-8080-exec-10] DEBUG org.hibernate.SQL - 
    [34mselect[0m
        r1_0.id,
        r1_0.description,
        r1_0.name 
    [34mfrom[0m
        roles r1_0 
    [34mwhere[0m
        r1_0.id=?
[35m[Hibernate][0m 
    [34mselect[0m
        r1_0.id,
        r1_0.description,
        r1_0.name 
    [34mfrom[0m
        roles r1_0 
    [34mwhere[0m
        r1_0.id=?
2026-08-12 02:06:35.395 [http-nio-8080-exec-9] DEBUG org.hibernate.SQL - 
    [34mselect[0m
        r1_0.id,
        r1_0.description,
        r1_0.name 
    [34mfrom[0m
        roles r1_0 
    [34mwhere[0m
        r1_0.id=?
[35m[Hibernate][0m 
    [34mselect[0m
        r1_0.id,
        r1_0.description,
        r1_0.name 
    [34mfrom[0m
        roles r1_0 
    [34mwhere[0m
        r1_0.id=?
2026-08-12 02:06:35.396 [http-nio-8080-exec-10] DEBUG org.hibernate.SQL - 
    [34mselect[0m
        r1_0.id,
        r1_0.description,
        r1_0.name 
    [34mfrom[0m
        roles r1_0 
    [34mwhere[0m
        r1_0.id=?
2026-08-12 02:06:35.396 [http-nio-8080-exec-9] DEBUG org.hibernate.SQL - 
    [34mselect[0m
        r1_0.id,
        r1_0.description,
        r1_0.name 
    [34mfrom[0m
        roles r1_0 
    [34mwhere[0m
        r1_0.id=?
[35m[Hibernate][0m 
    [34mselect[0m
        r1_0.id,
        r1_0.description,
        r1_0.name 
    [34mfrom[0m
        roles r1_0 
    [34mwhere[0m
        r1_0.id=?
[35m[Hibernate][0m 
    [34mselect[0m
        r1_0.id,
        r1_0.description,
        r1_0.name 
    [34mfrom[0m
        roles r1_0 
    [34mwhere[0m
        r1_0.id=?
2026-08-12 02:06:35.396 [http-nio-8080-exec-10] DEBUG org.hibernate.SQL - 
    [34mselect[0m
        r1_0.id,
        r1_0.description,
        r1_0.name 
    [34mfrom[0m
        roles r1_0 
    [34mwhere[0m
        r1_0.id=?
2026-08-12 02:06:35.396 [http-nio-8080-exec-9] DEBUG org.hibernate.SQL - 
    [34mselect[0m
        r1_0.id,
        r1_0.description,
        r1_0.name 
    [34mfrom[0m
        roles r1_0 
    [34mwhere[0m
        r1_0.id=?
[35m[Hibernate][0m 
    [34mselect[0m
        r1_0.id,
        r1_0.description,
        r1_0.name 
    [34mfrom[0m
        roles r1_0 
    [34mwhere[0m
        r1_0.id=?
[35m[Hibernate][0m 
    [34mselect[0m
        r1_0.id,
        r1_0.description,
        r1_0.name 
    [34mfrom[0m
        roles r1_0 
    [34mwhere[0m
        r1_0.id=?
2026-08-12 02:06:35.398 [http-nio-8080-exec-10] DEBUG org.hibernate.SQL - 
    [34mselect[0m
        r1_0.id,
        r1_0.description,
        r1_0.name 
    [34mfrom[0m
        roles r1_0 
    [34mwhere[0m
        r1_0.id=?
[35m[Hibernate][0m 
    [34mselect[0m
        r1_0.id,
        r1_0.description,
        r1_0.name 
    [34mfrom[0m
        roles r1_0 
    [34mwhere[0m
        r1_0.id=?
2026-08-12 02:06:35.398 [http-nio-8080-exec-9] DEBUG org.hibernate.SQL - 
    [34mselect[0m
        r1_0.id,
        r1_0.description,
        r1_0.name 
    [34mfrom[0m
        roles r1_0 
    [34mwhere[0m
        r1_0.id=?
[35m[Hibernate][0m 
    [34mselect[0m
        r1_0.id,
        r1_0.description,
        r1_0.name 
    [34mfrom[0m
        roles r1_0 
    [34mwhere[0m
        r1_0.id=?
2026-08-12 02:06:35.398 [http-nio-8080-exec-9] DEBUG org.hibernate.SQL - 
    [34mselect[0m
        r1_0.id,
        r1_0.description,
        r1_0.name 
    [34mfrom[0m
        roles r1_0 
    [34mwhere[0m
        r1_0.id=?
[35m[Hibernate][0m 
    [34mselect[0m
        r1_0.id,
        r1_0.description,
        r1_0.name 
    [34mfrom[0m
        roles r1_0 
    [34mwhere[0m
        r1_0.id=?
2026-08-12 02:06:35.399 [http-nio-8080-exec-9] DEBUG org.hibernate.SQL - 
    [34mselect[0m
        r1_0.id,
        r1_0.description,
        r1_0.name 
    [34mfrom[0m
        roles r1_0 
    [34mwhere[0m
        r1_0.id=?
[35m[Hibernate][0m 
    [34mselect[0m
        r1_0.id,
        r1_0.description,
        r1_0.name 
    [34mfrom[0m
        roles r1_0 
    [34mwhere[0m
        r1_0.id=?
2026-08-12 02:06:35.400 [http-nio-8080-exec-10] DEBUG org.hibernate.SQL - 
    [34mselect[0m
        r1_0.id,
        r1_0.description,
        r1_0.name 
    [34mfrom[0m
        roles r1_0 
    [34mwhere[0m
        r1_0.id=?
[35m[Hibernate][0m 
    [34mselect[0m
        r1_0.id,
        r1_0.description,
        r1_0.name 
    [34mfrom[0m
        roles r1_0 
    [34mwhere[0m
        r1_0.id=?
2026-08-12 02:06:35.400 [http-nio-8080-exec-10] DEBUG org.hibernate.SQL - 
    [34mselect[0m
        r1_0.id,
        r1_0.description,
        r1_0.name 
    [34mfrom[0m
        roles r1_0 
    [34mwhere[0m
        r1_0.id=?
[35m[Hibernate][0m 
    [34mselect[0m
        r1_0.id,
        r1_0.description,
        r1_0.name 
    [34mfrom[0m
        roles r1_0 
    [34mwhere[0m
        r1_0.id=?
